{
  "check_info": [
    {
      "file_path": "src/lints.rs",
      "defect_name": "clippy::double-neg",
      "tool": "clippy",
      "begin_line": 22,
      "end_line": null,
      "column": 13,
      "code_string": "    let _ = --x;",
      "help_info": "`--x` could be misinterpreted as pre-decrement by C programmers, is usually a no-op",
      "additional_help_info": "help: for further information visit https://rust-lang.github.io/rust-clippy/master/index.html#double_neg\nnote: requested on the command line with `-W clippy::double-neg`\n",
      "guideline_list": []
    },
    {
      "file_path": "src/lints.rs",
      "defect_name": "while_true",
      "tool": "clippy",
      "begin_line": 43,
      "end_line": null,
      "column": 5,
      "code_string": "    while true { }",
      "help_info": "denote infinite loops with `loop { ... }`",
      "additional_help_info": "note: `#[warn(while_true)]` on by default\n",
      "guideline_list": []
    },
    {
      "file_path": "src/lints.rs",
      "defect_name": "unused_variables",
      "tool": "clippy",
      "begin_line": 41,
      "end_line": null,
      "column": 9,
      "code_string": "    let x = 5;",
      "help_info": "unused variable: `x`",
      "additional_help_info": "note: `#[warn(unused_variables)]` on by default\n",
      "guideline_list": []
    },
    {
      "file_path": "src/lints.rs",
      "defect_name": "private_in_public",
      "tool": "clippy",
      "begin_line": 47,
      "end_line": null,
      "column": 9,
      "code_string": "        pub fn f(_: Priv) { }",
      "help_info": "private type `lints::rustc_warning_lints::Priv` in public interface (error E0446)",
      "additional_help_info": "note: for more information, see issue #34537 <https://github.com/rust-lang/rust/issues/34537>\nnote: `#[warn(private_in_public)]` on by default\n",
      "guideline_list": []
    },
    {
      "file_path": "src/lints.rs",
      "defect_name": "dead_code",
      "tool": "clippy",
      "begin_line": 36,
      "end_line": null,
      "column": 4,
      "code_string": "fn dead_fn() { }",
      "help_info": "function `dead_fn` is never used",
      "additional_help_info": "note: `#[warn(dead_code)]` on by default\n",
      "guideline_list": []
    },
    {
      "file_path": "src/lints.rs",
      "defect_name": "clippy::almost-swapped",
      "tool": "clippy",
      "begin_line": 5,
      "end_line": null,
      "column": 5,
      "code_string": "/     _a = _b;|     _b = _a;",
      "help_info": "this looks like you are trying to swap `_a` and `_b`",
      "additional_help_info": "note: or maybe you should use `std::mem::replace`?\nhelp: for further information visit https://rust-lang.github.io/rust-clippy/master/index.html#almost_swapped\nnote: requested on the command line with `-W clippy::almost-swapped`\n",
      "guideline_list": []
    },
    {
      "file_path": "src/lints.rs",
      "defect_name": "clippy::out-of-bounds-indexing",
      "tool": "clippy",
      "begin_line": 9,
      "end_line": null,
      "column": 19,
      "code_string": "    let _ = &x[2..9];",
      "help_info": "range is out of bounds",
      "additional_help_info": "help: for further information visit https://rust-lang.github.io/rust-clippy/master/index.html#out_of_bounds_indexing\nnote: requested on the command line with `-W clippy::out-of-bounds-indexing`\n",
      "guideline_list": []
    },
    {
      "file_path": "src/lints.rs",
      "defect_name": "clippy::bool_comparison",
      "tool": "clippy",
      "begin_line": 15,
      "end_line": null,
      "column": 8,
      "code_string": "    if flag == true {}",
      "help_info": "equality checks against true are unnecessary",
      "additional_help_info": "help: for further information visit https://rust-lang.github.io/rust-clippy/master/index.html#bool_comparison\nnote: `#[warn(clippy::bool_comparison)]` on by default\n",
      "guideline_list": []
    },
    {
      "file_path": "src/lints.rs",
      "defect_name": "clippy::comparison-to-empty",
      "tool": "clippy",
      "begin_line": 18,
      "end_line": null,
      "column": 8,
      "code_string": "    if s == \"\" {}",
      "help_info": "comparison to empty slice",
      "additional_help_info": "help: for further information visit https://rust-lang.github.io/rust-clippy/master/index.html#comparison_to_empty\nnote: requested on the command line with `-W clippy::comparison-to-empty`\n",
      "guideline_list": []
    },
    {
      "file_path": "src/lints.rs",
      "defect_name": "clippy::extra_unused_lifetimes",
      "tool": "clippy",
      "begin_line": 62,
      "end_line": null,
      "column": 42,
      "code_string": "pub fn rustc_allow_lint_unused_lifetimes<'a>() { }",
      "help_info": "this lifetime isn't used in the function definition",
      "additional_help_info": "help: for further information visit https://rust-lang.github.io/rust-clippy/master/index.html#extra_unused_lifetimes\nnote: `#[warn(clippy::extra_unused_lifetimes)]` on by default\n",
      "guideline_list": []
    },
    {
      "file_path": "src/lints.rs",
      "defect_name": "non-ascii-idents",
      "tool": "rustc",
      "begin_line": 53,
      "end_line": null,
      "column": 9,
      "code_string": "    let _变量 = 1;",
      "help_info": "identifier contains non-ASCII characters",
      "additional_help_info": "note: requested on the command line with `-W non-ascii-idents`\n",
      "guideline_list": []
    },
    {
      "file_path": "src/lints.rs",
      "defect_name": "while_true",
      "tool": "rustc",
      "begin_line": 43,
      "end_line": null,
      "column": 5,
      "code_string": "    while true { }",
      "help_info": "denote infinite loops with `loop { ... }`",
      "additional_help_info": "note: `#[warn(while_true)]` on by default\n",
      "guideline_list": []
    },
    {
      "file_path": "src/lints.rs",
      "defect_name": "unused_variables",
      "tool": "rustc",
      "begin_line": 41,
      "end_line": null,
      "column": 9,
      "code_string": "    let x = 5;",
      "help_info": "unused variable: `x`",
      "additional_help_info": "note: `#[warn(unused_variables)]` on by default\n",
      "guideline_list": []
    },
    {
      "file_path": "src/lints.rs",
      "defect_name": "private_in_public",
      "tool": "rustc",
      "begin_line": 47,
      "end_line": null,
      "column": 9,
      "code_string": "        pub fn f(_: Priv) { }",
      "help_info": "private type `Priv` in public interface (error E0446)",
      "additional_help_info": "note: for more information, see issue #34537 <https://github.com/rust-lang/rust/issues/34537>\nnote: `#[warn(private_in_public)]` on by default\n",
      "guideline_list": []
    },
    {
      "file_path": "src/lints.rs",
      "defect_name": "dead_code",
      "tool": "rustc",
      "begin_line": 36,
      "end_line": null,
      "column": 4,
      "code_string": "fn dead_fn() { }",
      "help_info": "function `dead_fn` is never used",
      "additional_help_info": "note: `#[warn(dead_code)]` on by default\n",
      "guideline_list": []
    }
  ]
}